// Jest Snapshot v1, https://goo.gl/fbAQLP

exports[`<Button /> should render and match the snapshot 1`] = `
<div>
  <button
    className="sc-fzokOt gDhfqG"
    onClick={[Function]}
  >
    Button
  </button>
  <button
    className="sc-fzqBZW cHkWYl"
    onClick={[Function]}
  >
    FlatButton
  </button>
</div>
`;
