// Jest Snapshot v1, https://goo.gl/fbAQLP

exports[`<Checkbox /> should render and match the snapshot 1`] = `
<div
  className="sc-fzqNJr jExKwZ checkbox-input"
>
  <label
    className="container"
  >
    <input
      disabled={false}
      onChange={[Function]}
      type="checkbox"
    />
    <span
      className="checkmark"
    />
  </label>
</div>
`;
